CPU: 15코어 | 시드: 5개 × 3모델 = 15인스턴스

============================================================
1. 데이터 로딩
============================================================
train: (250000, 108) | test: (50000, 107)

============================================================
2. 피처 엔지니어링
============================================================
  [Step12] 시간 순서 피처 (slot_idx, expanding, lag)...
  [NEW] suffix(미래 슬롯) 피처...
  [Step12] Trajectory 피처...
  [NEW] 시나리오 트렌드(slope) 피처...
  [Step12] Layout 타겟 인코딩 (OOF)...
  layout_te: train OOF 완료 | test cold-start 20000행(40.0%) fallback

Step12 피처 수: 300개  →  Step13 피처 수: 365개 (+65개)
train: (250000, 365) | test: (50000, 365)

============================================================
3. 학습 시작 (lr=0.02, MAX_ROUNDS=5000)
============================================================

LightGBM × 멀티시드
  seed=   42 | OOF: 8.6313 | 6.7min | [1/15]
  seed=  123 | OOF: 8.6405 | 7.5min | [2/15]
  seed=  456 | OOF: 8.6428 | 6.8min | [3/15]
  seed=  789 | OOF: 8.6506 | 4.8min | [4/15]
  seed= 2024 | OOF: 8.6361 | 7.0min | [5/15]
  LGB 평균: 8.6403 ± 0.0065

XGBoost × 멀티시드
  seed=   42 | OOF: 8.6527 | 2.9min | [6/15]
  seed=  123 | OOF: 8.6572 | 2.5min | [7/15]
  seed=  456 | OOF: 8.6445 | 2.7min | [8/15]
  seed=  789 | OOF: 8.6537 | 2.8min | [9/15]
  seed= 2024 | OOF: 8.6630 | 2.7min | [10/15]
  XGB 평균: 8.6542 ± 0.0060

CatBoost × 멀티시드
  seed=   42 | OOF: 8.6575 | 6.8min | [11/15]
  seed=  123 | OOF: 8.6544 | 6.8min | [12/15]
  seed=  456 | OOF: 8.6615 | 6.4min | [13/15]
  seed=  789 | OOF: 8.6518 | 6.3min | [14/15]
  seed= 2024 | OOF: 8.6584 | 6.3min | [15/15]
  CatBoost 평균: 8.6567 ± 0.0033

============================================================
4. 앙상블
============================================================
  LightGBM     시드평균 OOF MAE: 8.6203
  XGBoost      시드평균 OOF MAE: 8.6394
  CatBoost     시드평균 OOF MAE: 8.6368

  전체 단순 평균 (15개) OOF MAE: 8.6083

  역MAE 가중치: LightGBM=0.334 | XGBoost=0.333 | CatBoost=0.333
  역MAE 가중 앙상블 OOF MAE: 8.6083

  최적: inv_mae_w  OOF MAE=8.6083

============================================================
5. Step 비교
============================================================
  Step7  OOF MAE: 8.6852  (197 피처, lr=0.05)
  Step11 OOF MAE: 8.6470  (267 피처, EDA 강화)
  Step12 OOF MAE: 8.6050  (300 피처, 시간순서+Layout TE)
  Step13 OOF MAE: 8.6083  (365 피처, suffix+slope+확장sc+lr0.02)
  Step12→13 변화: +0.0033
  Step7→13  변화: -0.0769

  Step7  Public: 10.1823  (현재 최고)
  Step12 Public: 미제출 (예상 ~10.1020)
  Step13 Public: 미제출 (예상 ~10.1053)

  총 소요 시간: 79.0분

제출 파일: submission_step13_quantum_ensemble.csv
OOF MAE: 8.6083

예측값 분포:
count    50000.000
mean        18.453
std         13.599
min          0.019
25%          5.447
50%         13.716
75%         32.347
max         93.293
