CPU: 15코어 | 시드: 5개 × 3모델 = 15인스턴스

============================================================
1. 데이터 로딩
============================================================
train: (250000, 108) | test: (50000, 107)

============================================================
2. 피처 엔지니어링
============================================================
  [NEW] 시간 순서 피처 추가 중...
  [NEW] Trajectory 피처 추가 중...
  [NEW] Layout 타겟 인코딩 (OOF)...
  layout_te: train OOF 완료 | test cold-start 20000행(40.0%) → layout_type 평균 fallback

Step11 피처 수: 267개  →  Step12 피처 수: 300개 (+33개)
train: (250000, 300) | test: (50000, 300)

============================================================
3. 학습 시작 (Step7/11 동일 구조)
============================================================

LightGBM × 멀티시드
  seed=   42 | OOF: 8.6821 | 2.0min | [1/15]
[999]	valid_0's l1: 0.434806
  seed=  123 | OOF: 8.6466 | 2.3min | [2/15]
  seed=  456 | OOF: 8.6727 | 2.0min | [3/15]
  seed=  789 | OOF: 8.6797 | 1.6min | [4/15]
  seed= 2024 | OOF: 8.6726 | 2.1min | [5/15]
  LGB 평균: 8.6707 ± 0.0126

XGBoost × 멀티시드
  seed=   42 | OOF: 8.6624 | 1.0min | [6/15]
  seed=  123 | OOF: 8.6643 | 1.1min | [7/15]
  seed=  456 | OOF: 8.6685 | 1.1min | [8/15]
  seed=  789 | OOF: 8.6529 | 1.0min | [9/15]
  seed= 2024 | OOF: 8.6528 | 1.1min | [10/15]
  XGB 평균: 8.6602 ± 0.0063

CatBoost × 멀티시드
  seed=   42 | OOF: 8.6767 | 1.8min | [11/15]
  seed=  123 | OOF: 8.6663 | 2.5min | [12/15]
  seed=  456 | OOF: 8.6902 | 2.1min | [13/15]
  seed=  789 | OOF: 8.6830 | 2.2min | [14/15]
  seed= 2024 | OOF: 8.6774 | 1.7min | [15/15]
  CatBoost 평균: 8.6787 ± 0.0079

============================================================
4. 앙상블
============================================================
  LightGBM     시드평균 OOF MAE: 8.6289
  XGBoost      시드평균 OOF MAE: 8.6283
  CatBoost     시드평균 OOF MAE: 8.6351

  전체 단순 평균 (15개) OOF MAE: 8.6050

  역MAE 가중치: LightGBM=0.333 | XGBoost=0.333 | CatBoost=0.333
  역MAE 가중 앙상블 OOF MAE: 8.6050

  최적: all_avg  OOF MAE=8.6050

============================================================
5. Step 비교
============================================================
  Step7  OOF MAE: 8.6852  (197 피처, 기본)
  Step11 OOF MAE: 8.6470  (267 피처, EDA 강화)
  Step12 OOF MAE: 8.6050  (300 피처, 시간순서+Layout TE)
  Step11→12 변화: -0.0420
  Step7→12  변화: -0.0802

  Step7  Public: 10.1823
  Step11 Public: 미제출 (예상 ~10.1440)
  Step12 Public: 미제출 (예상 ~10.1020)

  총 소요 시간: 25.7분

제출 파일: submission_step12_temporal_layout_ensemble.csv
OOF MAE: 8.6050

예측값 분포:
count    50000.000
mean        18.206
std         13.437
min          0.026
25%          5.350
50%         13.575
75%         31.846
max         83.195
