============================================================
데이터 로딩
============================================================
train: (250000, 108) | test: (50000, 107)

============================================================
실험 시작 (LGB 단일 시드, 피처셋 비교)
============================================================

[BASE] Step7 베이스라인 재현
  [BASE] 피처 수: 196개
  [BASE] OOF MAE: 8.7436 | avg_iter: 205 | 1.1min

[A] 시나리오 내 z-score 피처
  [A] 피처 수: 212개
  [A: z-score] OOF MAE: 8.7414 | avg_iter: 194 | 1.1min

[B] 타임슬롯 lag/diff 피처
  [B] 피처 수: 229개
  [B: lag/diff] OOF MAE: 18.1454 | avg_iter: 277 | 1.5min

[C] 타임슬롯 위치 피처
  [C] 피처 수: 204개
  [C: timeslot pos] OOF MAE: 8.7539 | avg_iter: 213 | 1.1min

[D] sc_* 집계 확장 (컬럼+함수 추가)
  [D] 피처 수: 316개
  [D: ext sc_*] OOF MAE: 8.7584 | avg_iter: 314 | 1.7min

[E] A + B + C 조합
  [E] 피처 수: 253개
  [E: A+B+C] OOF MAE: 18.0731 | avg_iter: 197 | 1.2min

[F] A + B + C + D 전체 조합
  [F] 피처 수: 373개
  [F: A+B+C+D] OOF MAE: 18.2362 | avg_iter: 393 | 2.2min

============================================================
피처 엔지니어링 실험 결과 비교
============================================================

실험                        OOF MAE    vs BASE         판정
-------------------------------------------------------
  BASE (Step7)             8.7436    +0.0000         유지
  A: z-score               8.7414    -0.0022         개선 <-- 
  B: lag/diff             18.1454    +9.4018         악화
  C: timeslot pos          8.7539    +0.0103         악화
  D: ext sc_*              8.7584    +0.0148         악화
  E: A+B+C                18.0731    +9.3295         악화
  F: A+B+C+D              18.2362    +9.4926         악화

최적 실험: [A: z-score]  OOF MAE=8.7414
Step7 대비: -0.0022

총 소요 시간: 11.5분

============================================================
다음 단계 권장
============================================================
OOF 개선된 실험 조합으로 step10_final.py (3모델×5시드) 작성 후 제출
기준: Step7 Public 10.1823 — OOF 8.7436 → Public 환산 약 10.2406
