CPU: 15코어
Stage1: LGB x 3seeds x 5fold = 15runs
Stage2: (LGB+XGB+CAT) x 5seeds x 5fold = 75runs

============================================================
1. 데이터 로딩
============================================================
train: (250000, 108) | test: (50000, 107)

============================================================
2. 피처 엔지니어링
============================================================
  [Step20] 기본 + temporal 피처...
  [Step20] Lag/Rolling 피처 (22 SEQ_COLS x 6)...
  [Step20] Onset + Threshold + sc_* 집계...
  layout_te: cold-start 20000행 (40.0%)

  Step20 피처 수: 448개
  train: (250000, 448) | test: (50000, 448)

============================================================
3. Stage1: LGB OOF 예측 생성
============================================================
  S1 seed=42 fold=1 MAE=8.5454 0.8min [1/15]
  S1 seed=42 fold=2 MAE=8.7023 0.5min [2/15]
  S1 seed=42 fold=3 MAE=8.2145 0.7min [3/15]
  S1 seed=42 fold=4 MAE=9.1053 0.6min [4/15]
  S1 seed=42 fold=5 MAE=8.7448 0.5min [5/15]
  -> seed=42 OOF: 8.6625
  S1 seed=123 fold=1 MAE=8.5592 1.0min [6/15]
  S1 seed=123 fold=2 MAE=8.7021 0.4min [7/15]
  S1 seed=123 fold=3 MAE=8.2431 0.6min [8/15]
  S1 seed=123 fold=4 MAE=9.1037 0.6min [9/15]
  S1 seed=123 fold=5 MAE=8.7052 0.5min [10/15]
  -> seed=123 OOF: 8.6627
  S1 seed=456 fold=1 MAE=8.6012 0.4min [11/15]
  S1 seed=456 fold=2 MAE=8.7085 0.5min [12/15]
  S1 seed=456 fold=3 MAE=8.2692 0.6min [13/15]
  S1 seed=456 fold=4 MAE=9.0590 0.5min [14/15]
  S1 seed=456 fold=5 MAE=8.6960 0.4min [15/15]
  -> seed=456 OOF: 8.6668

  Stage1 앙상블 OOF MAE: 8.6267 (8.4분)

============================================================
4. [핵심] OOF 예측 기반 피처 추가
============================================================
  Step30 피처 수: 457개 (+9개)
  sc_pred_mean -> target 상관: 0.5781
  pred_lag1 -> target 상관: 0.6128
  pred_diff1 -> target 상관: 0.0756
  ratio_pred_sc -> target 상관: 0.1912

============================================================
5. Stage2: LGB+XGB+CAT 풀 앙상블
============================================================
  LGB seed=42 OOF=8.5478 [1/15]
  LGB seed=123 OOF=8.5457 [2/15]
  LGB seed=456 OOF=8.5473 [3/15]
  LGB seed=789 OOF=8.5502 [4/15]
  LGB seed=2024 OOF=8.5393 [5/15]
  LGB 앙상블 OOF: 8.5332
  XGB seed=42 OOF=8.5801 [6/15]
  XGB seed=123 OOF=8.5774 [7/15]
  XGB seed=456 OOF=8.5766 [8/15]
  XGB seed=789 OOF=8.5724 [9/15]
  XGB seed=2024 OOF=8.5775 [10/15]
  XGB 앙상블 OOF: 8.5570
  CAT seed=42 OOF=8.5451 [11/15]
  CAT seed=123 OOF=8.5603 [12/15]
  CAT seed=456 OOF=8.5443 [13/15]
  CAT seed=789 OOF=8.5461 [14/15]
  CAT seed=2024 OOF=8.5492 [15/15]
  CAT 앙상블 OOF: 8.5339

============================================================
6. 앙상블 & 제출
============================================================
  Stage1 OOF: 8.6267
  Stage2 최종 OOF: 8.5234
  test: mean=18.01 std=13.53 max=85.31 50min+=0.8%
  OOF 저장: /Users/kim/Desktop/데이콘/스마트 창고 출고 지연 예측 AI 경진대회/oof_step30.csv
  제출 파일: /Users/kim/Desktop/데이콘/스마트 창고 출고 지연 예측 AI 경진대회/submission_step30_pred_lag.csv
  예측 음수: 0개

============================================================
완료! 총 소요: 30.6분
Step20 기준선: Public 10.0606
Step30 OOF:   8.5234
============================================================
