CPU: 15코어 | 시드: 5개 × 3모델 = 15인스턴스

============================================================
1. 데이터 로딩
============================================================
train: (250000, 108) | test: (50000, 107)

============================================================
2. 피처 엔지니어링
============================================================
  [Step14] 시간 순서 피처 (slot_idx, expanding, lag1×6)...
  [NEW] Lag/Rolling 피처 (22 SEQ_COLS × 6)...
  [NEW] Onset detection 피처...
  [NEW] Threshold/hinge 피처...
  [Step14] sc_* 집계 피처...
  [Step14] Trajectory 피처...
  [Step14] Layout 타겟 인코딩 (OOF)...
  layout_te: train OOF 완료 | test cold-start 20000행(40.0%) → layout_type 평균 fallback

  Step14 피처 수: ~300개  →  Step20 피처 수: 448개 (+148개)
  train: (250000, 448) | test: (50000, 448)

============================================================
3. 학습 시작 (LGB lr=0.02 / XGB,Cat lr=0.05)
============================================================

LightGBM × 멀티시드
  seed=   42 | OOF: 8.6169 | 7.4min | [1/15]
  seed=  123 | OOF: 8.6347 | 8.5min | [2/15]
  seed=  456 | OOF: 8.6254 | 5.9min | [3/15]
  seed=  789 | OOF: 8.6379 | 4.5min | [4/15]
  seed= 2024 | OOF: 8.6368 | 7.2min | [5/15]
  LGB 평균: 8.6303 ± 0.0080

XGBoost × 멀티시드
  seed=   42 | OOF: 8.6590 | 1.2min | [6/15]
  seed=  123 | OOF: 8.6473 | 1.5min | [7/15]
  seed=  456 | OOF: 8.6520 | 1.3min | [8/15]
  seed=  789 | OOF: 8.6492 | 1.4min | [9/15]
  seed= 2024 | OOF: 8.6569 | 1.4min | [10/15]
  XGB 평균: 8.6529 ± 0.0044

CatBoost × 멀티시드
  seed=   42 | OOF: 8.6672 | 2.9min | [11/15]
  seed=  123 | OOF: 8.6747 | 3.4min | [12/15]
  seed=  456 | OOF: 8.6746 | 3.2min | [13/15]
  seed=  789 | OOF: 8.6845 | 3.7min | [14/15]
  seed= 2024 | OOF: 8.6908 | 2.8min | [15/15]
  CatBoost 평균: 8.6783 ± 0.0083

============================================================
4. 앙상블
============================================================
  LightGBM     시드평균 OOF MAE: 8.6112
  XGBoost      시드평균 OOF MAE: 8.6215
  CatBoost     시드평균 OOF MAE: 8.6330

  전체 단순 평균 (15개) OOF MAE: 8.5964

  역MAE 가중치: LightGBM=0.334 | XGBoost=0.333 | CatBoost=0.333
  역MAE 가중 앙상블 OOF MAE: 8.5964

  최적: inv_mae_w  OOF MAE=8.5964

============================================================
5. Step 비교
============================================================
  Step14 OOF MAE: 8.6037  (300 피처, LGB lr=0.02 / XGB+Cat lr=0.05)
  Step20 OOF MAE: 8.5964  (448 피처, 동일 구조 + temporal 스택)
  Step14→20 변화: -0.0073

  Step14 Public: 10.0733
  Step20 예상:   ~10.0654  (갭 1.469 가정)

  총 소요 시간: 56.2분

제출 파일: submission_step20_temporal_stack.csv
OOF MAE: 8.5964

예측값 분포:
count    50000.000
mean        18.187
std         13.424
min          0.005
25%          5.345
50%         13.542
75%         31.720
max         91.369
