CPU: 15코어 | 시드: 5개 × 3모델 = 15인스턴스

============================================================
1. 데이터 로딩
============================================================
train: (250000, 108) | test: (50000, 107)

============================================================
2. 피처 엔지니어링
============================================================
Step7 피처 수: 197개  →  Step11 피처 수: 267개 (+70개)
train: (250000, 267) | test: (50000, 267)

============================================================
3. 학습 시작 (Step7 동일 구조)
============================================================

LightGBM × 멀티시드
  seed=   42 | OOF: 8.7385 | 1.8min | [1/15]
  seed=  123 | OOF: 8.7082 | 1.7min | [2/15]
  seed=  456 | OOF: 8.7126 | 1.8min | [3/15]
  seed=  789 | OOF: 8.7060 | 1.5min | [4/15]
  seed= 2024 | OOF: 8.7190 | 1.7min | [5/15]
  LGB 평균: 8.7169 ± 0.0117

XGBoost × 멀티시드
  seed=   42 | OOF: 8.6878 | 0.9min | [6/15]
  seed=  123 | OOF: 8.6809 | 0.9min | [7/15]
  seed=  456 | OOF: 8.6923 | 1.0min | [8/15]
  seed=  789 | OOF: 8.6884 | 0.9min | [9/15]
  seed= 2024 | OOF: 8.6882 | 1.0min | [10/15]
  XGB 평균: 8.6875 ± 0.0037

CatBoost × 멀티시드
  seed=   42 | OOF: 8.7357 | 1.8min | [11/15]
  seed=  123 | OOF: 8.7122 | 2.3min | [12/15]
  seed=  456 | OOF: 8.7410 | 2.3min | [13/15]
  seed=  789 | OOF: 8.7255 | 2.1min | [14/15]
  seed= 2024 | OOF: 8.7434 | 2.0min | [15/15]
  CatBoost 평균: 8.7316 ± 0.0115

============================================================
4. 앙상블
============================================================
  LightGBM     시드평균 OOF MAE: 8.6779
  XGBoost      시드평균 OOF MAE: 8.6578
  CatBoost     시드평균 OOF MAE: 8.6892

  전체 단순 평균 (15개) OOF MAE: 8.6470

  역MAE 가중치: LightGBM=0.333 | XGBoost=0.334 | CatBoost=0.333
  역MAE 가중 앙상블 OOF MAE: 8.6470

  최적: inv_mae_w  OOF MAE=8.6470

============================================================
5. Step7 vs Step11 비교
============================================================
  Step7  OOF MAE: 8.6852  (197 피처, 피처엔지니어링 기본)
  Step11 OOF MAE: 8.6470  (267 피처, EDA 기반 강화)
  OOF 변화: -0.0382

  Step7  Public: 10.1823
  Step11 Public: 미제출 — 제출 필요
  예상 Public: ~10.1440  (갭 1.497 가정)

  총 소요 시간: 23.5분

제출 파일: submission_step11_feature_ensemble.csv
OOF MAE: 8.6470

예측값 분포:
count    50000.000
mean        18.087
std         13.254
min          0.045
25%          5.337
50%         13.648
75%         31.450
max         80.701
