CPU: 15코어 | 시드: 5개 × 3모델 × 2그룹 = 30인스턴스

============================================================
1. 데이터 로딩
============================================================
train: (250000, 108) | test: (50000, 107)

============================================================
2. 피처 엔지니어링
============================================================
  시간 순서 피처 추가 중...
  Trajectory 피처 추가 중...
  Layout 타겟 인코딩 (OOF)...
  layout_te: train OOF 완료 | test cold-start 20000행(40.0%) → layout_type 평균 fallback

피처 수: 300개
train: (250000, 300) | test: (50000, 300)

============================================================
3. 결측치 구조 기반 그룹 분류
============================================================
  사용 nan 플래그: ['nan_avg_recovery_time', 'nan_congestion_score', 'nan_loading_dock_util', 'nan_staging_area_util']
  Group 0 정상(결측없음):
    Train: 147111행 (58.8%) | 10000개 시나리오
    Test :  29400행 (58.8%)
    타겟 평균: 18.50분 | MAD: 16.37
  Group 1 결측(이벤트있음):
    Train: 102889행 (41.2%) | 10000개 시나리오
    Test :  20600행 (41.2%)
    타겟 평균: 19.62분 | MAD: 17.19

============================================================
4. 그룹별 학습 시작
============================================================

============================================================
  그룹 G0(정상): train 147111행 | test 29400행
============================================================

  [G0(정상)] LightGBM × 5시드
    seed=   42 | OOF: 8.4067 | 4.9min
    seed=  123 | OOF: 8.3995 | 4.4min
    seed=  456 | OOF: 8.4122 | 4.3min
    seed=  789 | OOF: 8.4005 | 5.3min
    seed= 2024 | OOF: 8.3987 | 4.8min
    LGB 평균: 8.4035 ± 0.0052

  [G0(정상)] XGBoost × 5시드
    seed=   42 | OOF: 8.4184 | 0.6min
    seed=  123 | OOF: 8.4197 | 0.7min
    seed=  456 | OOF: 8.4309 | 0.7min
    seed=  789 | OOF: 8.3984 | 0.7min
    seed= 2024 | OOF: 8.4167 | 0.7min
    XGB 평균: 8.4168 ± 0.0105

  [G0(정상)] CatBoost × 5시드
    seed=   42 | OOF: 8.4610 | 1.7min
    seed=  123 | OOF: 8.4770 | 1.6min
    seed=  456 | OOF: 8.4609 | 1.7min
    seed=  789 | OOF: 8.4373 | 1.9min
    seed= 2024 | OOF: 8.4444 | 1.4min
    CatBoost 평균: 8.4561 ± 0.0140

  [G0(정상)] 앙상블
    LightGBM     시드평균 OOF: 8.3862
    XGBoost      시드평균 OOF: 8.3882
    CatBoost     시드평균 OOF: 8.4106
    단순평균 OOF: 8.3699 | 역MAE가중 OOF: 8.3699
    [G0(정상)] 최적: inv_mae_w  OOF=8.3699

============================================================
  그룹 G1(결측): train 102889행 | test 20600행
============================================================

  [G1(결측)] LightGBM × 5시드
    seed=   42 | OOF: 9.0275 | 3.4min
    seed=  123 | OOF: 9.0303 | 3.3min
    seed=  456 | OOF: 9.0386 | 2.7min
    seed=  789 | OOF: 9.0454 | 3.1min
    seed= 2024 | OOF: 9.0443 | 3.2min
    LGB 평균: 9.0372 ± 0.0072

  [G1(결측)] XGBoost × 5시드
    seed=   42 | OOF: 9.0491 | 0.5min
    seed=  123 | OOF: 9.0556 | 0.4min
    seed=  456 | OOF: 9.0502 | 0.5min
    seed=  789 | OOF: 9.0317 | 0.5min
    seed= 2024 | OOF: 9.0324 | 0.5min
    XGB 평균: 9.0438 ± 0.0098

  [G1(결측)] CatBoost × 5시드
    seed=   42 | OOF: 9.1027 | 1.2min
    seed=  123 | OOF: 9.0969 | 1.2min
    seed=  456 | OOF: 9.0807 | 1.1min
    seed=  789 | OOF: 9.1014 | 1.3min
    seed= 2024 | OOF: 9.0686 | 1.1min
    CatBoost 평균: 9.0901 ± 0.0133

  [G1(결측)] 앙상블
    LightGBM     시드평균 OOF: 9.0190
    XGBoost      시드평균 OOF: 9.0143
    CatBoost     시드평균 OOF: 9.0397
    단순평균 OOF: 8.9990 | 역MAE가중 OOF: 8.9990
    [G1(결측)] 최적: inv_mae_w  OOF=8.9990

============================================================
5. 전체 예측 합산
============================================================
  G0(정상): OOF MAE=8.3699 (147111행)
  G1(결측): OOF MAE=8.9990 (102889행)

  전체 OOF MAE: 8.6288

============================================================
6. Step 비교
============================================================
  Step7  OOF MAE: 8.6852  (197 피처, 단일 앙상블)
  Step12 OOF MAE: 8.6050  (300 피처, lr=0.05 균일)
  Step14 OOF MAE: 8.6037  (300 피처, LGB lr=0.02 / XGB+Cat lr=0.05, 기준)
  Step16 OOF MAE: 8.6288  (결측 구조 분리, 2그룹 독립 앙상블)
  Step14→16 변화: +0.0251

  Step14 Public: 10.0733  (현재 최고)
  Step15 Public: 미제출 (예상 ~10.0978)

  총 소요 시간: 59.3분

제출 파일: submission_step16_missing_split_ensemble.csv
OOF MAE: 8.6288

예측값 분포:
count    50000.000
mean        18.157
std         13.341
min          0.033
25%          5.364
50%         13.539
75%         31.823
max         84.883
