CPU: 15코어 | 시드: 5개 × 3모델 = 15인스턴스

============================================================
1. 데이터 로딩
============================================================
train: (250000, 108) | test: (50000, 107)

============================================================
2. 피처 엔지니어링
============================================================
  [NEW] 시간 순서 피처 추가 중...
  [NEW] Trajectory 피처 추가 중...
  [NEW] Layout 타겟 인코딩 (OOF)...
  layout_te: train OOF 완료 | test cold-start 20000행(40.0%) → layout_type 평균 fallback

Step11 피처 수: 267개  →  Step12 피처 수: 300개 (+33개)
train: (250000, 300) | test: (50000, 300)

============================================================
3. 학습 시작 (LGB lr=0.02 / XGB,Cat lr=0.05)
============================================================

LightGBM × 멀티시드
  seed=   42 | OOF: 8.6420 | 5.6min | [1/15]
  seed=  123 | OOF: 8.6349 | 4.8min | [2/15]
  seed=  456 | OOF: 8.6470 | 6.1min | [3/15]
  seed=  789 | OOF: 8.6398 | 6.5min | [4/15]
  seed= 2024 | OOF: 8.6522 | 3.6min | [5/15]
  LGB 평균: 8.6432 ± 0.0059

XGBoost × 멀티시드
  seed=   42 | OOF: 8.6624 | 1.1min | [6/15]
  seed=  123 | OOF: 8.6643 | 1.1min | [7/15]
  seed=  456 | OOF: 8.6685 | 1.1min | [8/15]
  seed=  789 | OOF: 8.6529 | 1.0min | [9/15]
  seed= 2024 | OOF: 8.6528 | 1.1min | [10/15]
  XGB 평균: 8.6602 ± 0.0063

CatBoost × 멀티시드
  seed=   42 | OOF: 8.6767 | 1.8min | [11/15]
  seed=  123 | OOF: 8.6663 | 2.5min | [12/15]
  seed=  456 | OOF: 8.6902 | 2.2min | [13/15]
  seed=  789 | OOF: 8.6830 | 2.4min | [14/15]
  seed= 2024 | OOF: 8.6774 | 1.9min | [15/15]
  CatBoost 평균: 8.6787 ± 0.0079

============================================================
4. 앙상블
============================================================
  LightGBM     시드평균 OOF MAE: 8.6243
  XGBoost      시드평균 OOF MAE: 8.6283
  CatBoost     시드평균 OOF MAE: 8.6351

  전체 단순 평균 (15개) OOF MAE: 8.6037

  역MAE 가중치: LightGBM=0.334 | XGBoost=0.333 | CatBoost=0.333
  역MAE 가중 앙상블 OOF MAE: 8.6037

  최적: all_avg  OOF MAE=8.6037

============================================================
5. Step 비교
============================================================
  Step7  OOF MAE: 8.6852  (197 피처, lr=0.05)
  Step12 OOF MAE: 8.6050  (300 피처, lr=0.05 균일)
  Step13 OOF MAE: 8.6083  (365 피처, lr=0.02 균일)
  Step14 OOF MAE: 8.6037  (300 피처, LGB lr=0.02 / XGB+Cat lr=0.05)
  Step12→14 변화: -0.0013

  Step12 Public: 10.0742  (현재 최고)
  Step14 Public: 미제출 (예상 ~10.0727)

  총 소요 시간: 42.7분

제출 파일: submission_step14_mixed_lr_ensemble.csv
OOF MAE: 8.6037

예측값 분포:
count    50000.000
mean        18.207
std         13.443
min          0.026
25%          5.353
50%         13.552
75%         31.814
max         85.746
