============================================================
데이터 로딩
============================================================
train: (250000, 108) | test: (50000, 107)

============================================================
실험 시작 (LGB 단일 시드)
============================================================

[BASE] 베이스라인
  [BASE] 피처 수: 196개
  [BASE] OOF MAE: 8.7436 | avg_iter: 205 | 1.1min

[G] z-score
  [G] 피처 수: 212개
  [G: z-score] OOF MAE: 8.7414 | avg_iter: 194 | 1.1min

[H] 퍼센타일 랭크
  [H] 피처 수: 205개
  [H: prank] OOF MAE: 8.7231 | avg_iter: 283 | 1.4min

[I] sc_max/mean 대비 비율
  [I] 피처 수: 217개
  [I: ratio] OOF MAE: 8.7461 | avg_iter: 241 | 1.3min

[J] shift_hour 시간대 피처
  [J] 피처 수: 206개
  [J: shift_hour] OOF MAE: 8.7734 | avg_iter: 208 | 1.1min

[K] G + H + I 조합
  [K] 피처 수: 242개
  [K: G+H+I] OOF MAE: 8.7180 | avg_iter: 208 | 1.2min

[L] G + H + I + J 전체
  [L] 피처 수: 252개
  [L: G+H+I+J] OOF MAE: 8.7180 | avg_iter: 274 | 1.5min

============================================================
실험 결과 비교
============================================================

실험                        OOF MAE    vs BASE         판정
--------------------------------------------------------
  BASE                     8.7436    +0.0000         유지
  G: z-score               8.7414    -0.0022         개선 <--
  H: prank                 8.7231    -0.0205         개선 <--
  I: ratio                 8.7461    +0.0025         악화
  J: shift_hour            8.7734    +0.0298         악화
  K: G+H+I                 8.7180    -0.0256         개선 <--
  L: G+H+I+J               8.7180    -0.0256         개선 <--

최적: [K: G+H+I]  OOF MAE=8.7180  (vs BASE -0.0256)
총 소요 시간: 8.8분

개선폭 -0.0256 > 임계값 -0.005
→ 다음: step11에서 이 피처셋으로 3모델×5시드 풀 앙상블 실행
베스트 실험 [K: G+H+I] 피처 함수: ['add_zscore', 'add_percentile_rank', 'add_ratio_features']

============================================================
Step9 vs Step10 비교 (BASE 기준)
============================================================
  Step9  BASE OOF: 8.7436  최고: A(z-score) 8.7414  개선: -0.0022
  Step10 BASE OOF: 8.7436  최고: K: G+H+I 8.7180  개선: -0.0256
