CPU 코어: 15개
시드 수: 5개 x 3 모델 = 15개 인스턴스
총 학습 횟수: 75회

============================================================
1. 데이터 로딩 & 기본 피처 엔지니어링
============================================================
피처 수: 197개
  - sc_* 피처: 32개 (fold 내부에서 동적 계산)
  - 나머지: 165개
train: (250000, 170) | test: (50000, 201)

============================================================
LightGBM x 멀티시드 (leakage 수정)
============================================================
  seed=   42 | OOF MAE: 14.5861 | 0.6min | [1/15]
  seed=  123 | OOF MAE: 14.6001 | 0.6min | [2/15]
  seed=  456 | OOF MAE: 14.5902 | 0.6min | [3/15]
  seed=  789 | OOF MAE: 14.6084 | 0.6min | [4/15]
  seed= 2024 | OOF MAE: 14.6081 | 0.6min | [5/15]
  LGB 평균: 14.5986 +/- 0.0091

============================================================
XGBoost x 멀티시드 (leakage 수정)
============================================================
  seed=   42 | OOF MAE: 11.8202 | 0.4min | [6/15]
  seed=  123 | OOF MAE: 11.6143 | 0.4min | [7/15]
  seed=  456 | OOF MAE: 11.9671 | 0.5min | [8/15]
  seed=  789 | OOF MAE: 11.6619 | 0.5min | [9/15]
  seed= 2024 | OOF MAE: 11.7465 | 0.5min | [10/15]
  XGB 평균: 11.7620 +/- 0.1245

============================================================
CatBoost x 멀티시드 (leakage 수정)
============================================================
  seed=   42 | OOF MAE: 14.5483 | 0.3min | [11/15]
  seed=  123 | OOF MAE: 14.4811 | 0.3min | [12/15]
  seed=  456 | OOF MAE: 14.5659 | 0.3min | [13/15]
  seed=  789 | OOF MAE: 14.5480 | 0.3min | [14/15]
  seed= 2024 | OOF MAE: 14.5220 | 0.3min | [15/15]
  CatBoost 평균: 14.5331 +/- 0.0295

============================================================
앙상블 결합
============================================================
  LightGBM     시드 평균 OOF MAE: 14.5938
  XGBoost      시드 평균 OOF MAE: 11.6472
  CatBoost     시드 평균 OOF MAE: 14.4999

  전체 단순 평균 (15개) OOF MAE: 13.1981

  모델 간 역MAE 가중치:
    LightGBM    : 0.3068  (OOF MAE=14.5938)
    XGBoost     : 0.3844  (OOF MAE=11.6472)
    CatBoost    : 0.3088  (OOF MAE=14.4999)
  역MAE 가중 앙상블 OOF MAE: 13.0169

최적 앙상블: inv_mae_w  OOF MAE=13.0169

============================================================
전체 결과 요약
============================================================

[개별 시드별 OOF MAE]
  LightGBM:
    seed=   42: 14.5861
    seed=  123: 14.6001
    seed=  456: 14.5902
    seed=  789: 14.6084
    seed= 2024: 14.6081
    => 평균: 14.5986 | std: 0.0091
  XGBoost:
    seed=   42: 11.8202
    seed=  123: 11.6143
    seed=  456: 11.9671
    seed=  789: 11.6619
    seed= 2024: 11.7465
    => 평균: 11.7620 | std: 0.1245
  CatBoost:
    seed=   42: 14.5483
    seed=  123: 14.4811
    seed=  456: 14.5659
    seed=  789: 14.5480
    seed= 2024: 14.5220
    => 평균: 14.5331 | std: 0.0295

[모델별 시드 평균 OOF MAE]
  XGBoost     : 11.6472
  CatBoost    : 14.4999
  LightGBM    : 14.5938

[앙상블 비교]
  all_avg_15          : 13.1981
  inv_mae_w           : 13.0169 <- 최적

[Step7 vs Step8 비교]
  Step7 OOF MAE : 8.6852  (sc_* leakage 있음)
  Step8 OOF MAE : 13.0169  (sc_* leakage 수정)
  OOF 변화      : +4.3317  상승 (leakage 제거로 OOF 정직해짐 — 정상)

총 소요 시간: 6.7분

============================================================
7. 제출 파일 저장
============================================================
최적 앙상블 저장 -> /Users/kim/Desktop/데이콘/스마트 창고 출고 지연 예측 AI 경진대회/submission_step8_leakfix.csv
  백업: submission_step8_all_avg_15.csv  (OOF MAE=13.1981)
  백업: submission_step8_inv_mae_w.csv  (OOF MAE=13.0169)

제출 파일: submission_step8_leakfix.csv
OOF MAE: 13.0169

예측값 분포:
count    50000.000
mean        11.094
std          2.657
min          5.377
25%          9.005
50%          9.817
75%         14.156
max         16.667
