CPU: 15코어 | 극단 임계: 50.0분
Step20 test 예측 재사용 → Stage A 재학습 생략

============================================================
1. 데이터 로딩
============================================================
train: (250000, 108) | test: (50000, 107)
Step20 test 예측 로드: 50000개 (mean=18.19)
극단값(>=50.0분): 19880 (8.0%)

============================================================
2. 피처 엔지니어링
============================================================
  Temporal 피처...
  Lag/Rolling 피처...
  Onset 피처...
  Threshold 피처...
  [NEW] Queuing Theory 피처...
  큐이론 sc집계: 6개
  sc_* 집계 피처...
  Trajectory 피처...
  Layout 타겟 인코딩...
  layout_te: cold-start 20000행

  피처 수: 475개 | train: (250000, 475) | test: (50000, 475)

  Focal Weight: 0~30(×1) / 30~50(×2) / 50~100(×5) / 100+(×10)

============================================================
3. OOF LGB (alpha 교정 + 큐이론 효과 확인, seed=42)
============================================================
  Fold 1: MAE=9.0592 | ext(>=50)=37.62
  Fold 2: MAE=9.2844 | ext(>=50)=40.42
  Fold 3: MAE=8.6932 | ext(>=50)=36.48
  Fold 4: MAE=9.2668 | ext(>=50)=40.36
  Fold 5: MAE=9.4046 | ext(>=50)=40.04

  OOF LGB MAE: 9.1416 | ext(>=50): 39.01
  소요: 13.6분

============================================================
4. 이진 분류기 (>=50분 여부)
============================================================
  Fold 1: AUC=0.8929
  Fold 2: AUC=0.8867
  Fold 3: AUC=0.8901
  Fold 4: AUC=0.8814
  Fold 5: AUC=0.8772

  전체 AUC=0.8851 | 임계=0.40 F1=0.3877
  극단값 탐지: 12659/19880 (Recall=0.637)
  소요: 1.4분

============================================================
5. Stage C: 극단값 전용 회귀 (>=50분, LGB)
============================================================
  극단 케이스: 19880개 (8.0%)
  Fold 1: MAE(ext)=22.96
  Fold 2: MAE(ext)=24.63
  Fold 3: MAE(ext)=24.44
  Fold 4: MAE(ext)=23.69
  Fold 5: MAE(ext)=25.15

  Stage C OOF MAE(ext): 24.17 vs OOF LGB: 39.01
  소요: 2.1분

============================================================
6. Two-Stage Blend (alpha 탐색)
============================================================
  alpha |      전체MAE |   ext>=50 |    normal
  0.0   | 9.1416     | 39.01    | 6.5615
  0.1   | 8.7375     | 38.01    | 6.2084
  0.2   | 8.3677     | 37.04    | 5.8906
  0.3   | 8.0383     | 36.09    | 5.6146
  0.4   | 7.7548     | 35.17    | 5.3863
  0.5   | 7.5221     | 34.28    | 5.2105
  0.6   | 7.3466     | 33.43    | 5.0937
  0.7   | 7.2338     | 32.61    | 5.0415
  0.8   | 7.1859     | 31.84    | 5.0559
  0.9   | 7.2028     | 31.12    | 5.1363
  1.0   | 7.2847     | 30.45    | 5.2832

  최적 alpha=0.8 → OOF MAE=7.1859

============================================================
7. 저장
============================================================
  oof_step29_fast.csv
  submission_step29_fast.csv      <- 메인 제출 (Step20 + Two-Stage)
  submission_step29_lgb_only.csv  <- Fast LGB 단독 (큐이론 효과 확인)

============================================================
8. 최종 요약
============================================================
    0~ 30min (197899개): OOF_LGB=6.21 → Blend=3.78 (-2.44)
   30~ 50min ( 32221개): OOF_LGB=8.69 → Blend=12.92 (+4.23)
   50~100min ( 16094개): OOF_LGB=25.72 → Blend=19.29 (-6.43)
  100~999min (  3786개): OOF_LGB=95.51 → Blend=85.21 (-10.30)

  Step20 Public: 10.0606
  OOF LGB(fast): 9.1416 | ext: 39.01
  Blend OOF:     7.1859
  분류기 AUC:    0.8851

  제출: submission_step29_fast.csv
