CPU: 15코어 | 시드: 5개 | 극단 임계: 50.0분

============================================================
1. 데이터 로딩
============================================================
train: (250000, 108) | test: (50000, 107)
극단값(>=50.0분): 19880 (8.0%)

============================================================
2. 피처 엔지니어링
============================================================
  [Step20] Temporal 피처...
  [Step20] Lag/Rolling 피처 (22 SEQ_COLS x 6)...
  [Step20] Onset detection 피처...
  [Step20] Threshold/hinge 피처...
  [NEW] Queuing Theory 피처 (M/M/1)...
  큐이론 sc집계: 6개
  [Step20] sc_* 집계 피처...
  [Step20] Trajectory 피처...
  [Step20] Layout 타겟 인코딩 (OOF)...
  layout_te: cold-start 20000행

  Step20 피처: ~448개 -> Step29: 475개
  train: (250000, 475) | test: (50000, 475)

============================================================
3. Focal Sample Weight
============================================================
    0~ 30min: 197899개 (79.2%) w=1
   30~ 50min:  32221개 (12.9%) w=2
   50~100min:  16094개 (6.4%) w=5
  100~999min:   3786개 (1.5%) w=10

============================================================
4-A. Stage A: 전체 회귀 (LGB+XGB+Cat x5seeds, Focal Weight)
============================================================

[A] LightGBM x5
  s=42 OOF=9.1416 ext=39.01 13.4min [1/15]
  s=123 OOF=9.1076 ext=39.13 17.0min [2/15]
