CPU: 15코어
Step35: Lead(미래슬롯) 피처 추가 버전
Seeds: 5개 × 3모델 = 15인스턴스

============================================================
1. 데이터 로딩
============================================================
train: (250000, 108) | test: (50000, 107)

============================================================
2. 피처 엔지니어링
============================================================
  temporal...
  lag/rolling...
  onset...
  threshold...
  sc_* 집계...
  trajectory...
  layout TE...
  layout_te: OOF 완료 | test cold-start 20000행
  [NEW] lead 피처 (미래 슬롯 직접값)...
  [NEW] remaining 피처 (나머지 슬롯 통계)...

  [Lead 피처 상관관계 Top10]
    remain_max_low_battery_ratio                 : +0.3622
    remain_mean_max_zone_density                 : +0.3384
    lead1_low_battery_ratio                      : +0.3336
    lead2_low_battery_ratio                      : +0.3260
    remain_max_order_inflow_15m                  : +0.3242
    lead3_low_battery_ratio                      : +0.3142
    remain_max_max_zone_density                  : +0.3077
    remain_mean_congestion_score                 : +0.3001
    remain_max_congestion_score                  : +0.2839
    lead1_order_inflow_15m                       : +0.2765

============================================================
3. Cluster Extreme Risk 피처 (Step32)
============================================================
  극단값 시나리오: 1,666/10,000 (16.7%)
  cluster_extreme_ratio vs target 상관: 0.4658
  layout_extreme_ratio  vs target 상관: 0.2276

============================================================
4. 피처 선택
============================================================
  Step32 베이스: ~469피처
  + Lead 피처:     70개
  + Remaining 피처:31개
  총 피처 수:      570개
  train: (250000, 570) | test: (50000, 570)

============================================================
5. 학습 시작
============================================================

LightGBM × 멀티시드
  seed=   42 | OOF: 8.5584 | 12.9min | [1/15]
  seed=  123 | OOF: 8.5706 | 9.2min | [2/15]
  seed=  456 | OOF: 8.5594 | 10.7min | [3/15]
  seed=  789 | OOF: 8.5670 | 9.0min | [4/15]
  seed= 2024 | OOF: 8.5665 | 10.1min | [5/15]
  LGB 평균: 8.5644 ± 0.0047

XGBoost × 멀티시드
  seed=   42 | OOF: 8.6187 | 1.7min | [6/15]
  seed=  123 | OOF: 8.6143 | 1.6min | [7/15]
  seed=  456 | OOF: 8.5980 | 1.9min | [8/15]
  seed=  789 | OOF: 8.6027 | 1.8min | [9/15]
  seed= 2024 | OOF: 8.6134 | 1.7min | [10/15]
  XGB 평균: 8.6094 ± 0.0078

CatBoost × 멀티시드
  seed=   42 | OOF: 8.6241 | 5.6min | [11/15]
  seed=  123 | OOF: 8.6022 | 5.4min | [12/15]
  seed=  456 | OOF: 8.6090 | 5.9min | [13/15]
  seed=  789 | OOF: 8.6154 | 5.9min | [14/15]
  seed= 2024 | OOF: 8.6060 | 5.8min | [15/15]
  CatBoost 평균: 8.6114 ± 0.0077

============================================================
6. 앙상블
============================================================
  LightGBM     시드평균 OOF MAE: 8.5447
  XGBoost      시드평균 OOF MAE: 8.5758
  CatBoost     시드평균 OOF MAE: 8.5585

  전체 단순 평균 (15개) OOF MAE: 8.5323
  역MAE 가중 앙상블 OOF MAE: 8.5323

  최적: inv_mae_w  OOF MAE=8.5323

============================================================
7. 극단값 구간별 MAE 분석
============================================================
  0-10    : n=132585 (53.0%) | MAE=  2.74 | bias=+1.35
  10-30   : n= 65314 (26.1%) | MAE=  7.76 | bias=+2.42
  30-50   : n= 32221 (12.9%) | MAE=  8.06 | bias=-5.87
  50-100  : n= 16094 ( 6.4%) | MAE= 32.06 | bias=-31.97
  100+    : n=  3786 ( 1.5%) | MAE=128.72 | bias=-128.72

============================================================
8. Step 비교
============================================================
  Step20 OOF MAE: 8.5964  (448 피처, lag/rolling/sc)
  Step32 OOF MAE: 8.5729  (469 피처, +cluster_extreme_ratio)
  Step35 OOF MAE: 8.5323  (570 피처, +lead/remaining)
  Step32→35 변화: -0.0406

  Step32 예상 Public: ~10.0329
  Step35 예상 Public: ~9.9923  (갭 1.46 가정)

  총 소요 시간: 89.3분

OOF 저장: /Users/kim/Desktop/데이콘/스마트 창고 출고 지연 예측 AI 경진대회/oof_step35.csv
제출 파일: submission_step35_lead_features.csv
OOF MAE: 8.5323

예측값 분포:
count    50000.000
mean        18.037
std         13.308
min          0.000
25%          5.277
50%         13.760
75%         31.052
max         90.252
