CPU 코어: 15개
시드 수: 5개 x 3 모델 = 15개 인스턴스
총 학습 횟수: 75회 (모델x시드x폴드)

============================================================
1. 데이터 로딩 & 전처리
============================================================
피처 수: 197개 | train: (250000, 197) | test: (50000, 197)

============================================================
LightGBM x 멀티시드
============================================================
  seed=   42 | OOF MAE: 8.7469 | 1.3min | [1/15]
  seed=  123 | OOF MAE: 8.7430 | 1.2min | [2/15]
  seed=  456 | OOF MAE: 8.7532 | 1.3min | [3/15]
  seed=  789 | OOF MAE: 8.7658 | 1.4min | [4/15]
  seed= 2024 | OOF MAE: 8.7494 | 1.5min | [5/15]
  LGB 평균: 8.7517 +/- 0.0078

============================================================
XGBoost x 멀티시드
============================================================
  seed=   42 | OOF MAE: 8.7214 | 0.6min | [6/15]
  seed=  123 | OOF MAE: 8.7055 | 0.7min | [7/15]
  seed=  456 | OOF MAE: 8.7197 | 0.7min | [8/15]
  seed=  789 | OOF MAE: 8.7201 | 0.7min | [9/15]
  seed= 2024 | OOF MAE: 8.7127 | 0.8min | [10/15]
  XGB 평균: 8.7159 +/- 0.0060

============================================================
CatBoost x 멀티시드
============================================================
  seed=   42 | OOF MAE: 8.7864 | 1.3min | [11/15]
  seed=  123 | OOF MAE: 8.7963 | 1.7min | [12/15]
  seed=  456 | OOF MAE: 8.7720 | 1.4min | [13/15]
  seed=  789 | OOF MAE: 8.7699 | 1.6min | [14/15]
  seed= 2024 | OOF MAE: 8.7740 | 1.6min | [15/15]
  CatBoost 평균: 8.7797 +/- 0.0101

============================================================
앙상블 결합
============================================================
  LightGBM     시드 평균 OOF MAE: 8.7136
  XGBoost      시드 평균 OOF MAE: 8.6890
  CatBoost     시드 평균 OOF MAE: 8.7363

  전체 단순 평균 (15개) OOF MAE: 8.6852

  모델 간 역MAE 가중치:
    LightGBM    : 0.3333  (OOF MAE=8.7136)
    XGBoost     : 0.3343  (OOF MAE=8.6890)
    CatBoost    : 0.3324  (OOF MAE=8.7363)
  역MAE 가중 앙상블 OOF MAE: 8.6852

최적 앙상블: inv_mae_w  OOF MAE=8.6852

============================================================
전체 결과 요약
============================================================

[개별 시드별 OOF MAE]
  LightGBM:
    seed=   42: 8.7469
    seed=  123: 8.7430
    seed=  456: 8.7532
    seed=  789: 8.7658
    seed= 2024: 8.7494
    => 평균: 8.7517 | std: 0.0078
  XGBoost:
    seed=   42: 8.7214
    seed=  123: 8.7055
    seed=  456: 8.7197
    seed=  789: 8.7201
    seed= 2024: 8.7127
    => 평균: 8.7159 | std: 0.0060
  CatBoost:
    seed=   42: 8.7864
    seed=  123: 8.7963
    seed=  456: 8.7720
    seed=  789: 8.7699
    seed= 2024: 8.7740
    => 평균: 8.7797 | std: 0.0101

[모델별 시드 평균 OOF MAE]
  XGBoost     : 8.6890
  LightGBM    : 8.7136
  CatBoost    : 8.7363

[앙상블 비교]
  all_avg_15          : 8.6852
  inv_mae_w           : 8.6852 <- 최적

총 소요 시간: 17.9분

============================================================
6. 제출 파일 저장
============================================================
최적 앙상블 저장 -> /Users/kim/Desktop/데이콘/스마트 창고 출고 지연 예측 AI 경진대회/submission_step7_multi_seed_ensemble.csv
  백업: submission_step7_all_avg_15.csv  (OOF MAE=8.6852)
  백업: submission_step7_inv_mae_w.csv  (OOF MAE=8.6852)

제출 파일: submission_step7_multi_seed_ensemble.csv
OOF MAE: 8.6852

예측값 분포:
count    50000.000
mean        18.078
std         13.190
min          0.117
25%          5.374
50%         13.817
75%         31.463
max         76.644
