CPU: 15코어
Step36: Lead 피처 확장 + NaN 처리 개선 버전
Seeds: 5개 × 3모델 = 15인스턴스

============================================================
1. 데이터 로딩
============================================================
train: (250000, 108) | test: (50000, 107)

============================================================
2. 피처 엔지니어링
============================================================
  temporal...
  lag/rolling...
  onset...
  threshold...
  sc_* 집계...
  trajectory...
  layout TE...
  layout_te: OOF 완료 | test cold-start 20000행
  [NEW] lead 피처 (18개 컬럼 × lead1~5, NaN fill)...
  [NEW] remaining 피처 (10개 컬럼, 나머지 슬롯 통계)...

  [Lead 피처 상관관계 Top10]
    lead_max3_low_battery_ratio                  : +0.3866
    lead_mean3_low_battery_ratio                 : +0.3795
    lead3_low_battery_ratio                      : +0.3777
    lead2_low_battery_ratio                      : +0.3769
    lead4_low_battery_ratio                      : +0.3750
    lead5_low_battery_ratio                      : +0.3706
    lead1_low_battery_ratio                      : +0.3693
    lead_min3_low_battery_ratio                  : +0.3644
    remain_max_low_battery_ratio                 : +0.3622
    lead_mean3_order_inflow_15m                  : +0.3530

============================================================
3. Cluster Extreme Risk 피처 (Step32)
============================================================
  극단값 시나리오: 1,666/10,000 (16.7%)
  cluster_extreme_ratio vs target 상관: 0.4658
  layout_extreme_ratio  vs target 상관: 0.2276

============================================================
4. 피처 선택
============================================================
  Step35 베이스: ~570피처
  + Lead 피처:     140개
  + Remaining 피처:31개
  총 피처 수:      642개
  train: (250000, 642) | test: (50000, 642)

============================================================
5. 학습 시작
============================================================

LightGBM × 멀티시드
  seed=   42 | OOF: 8.5517 | 15.5min | [1/15]
  seed=  123 | OOF: 8.5555 | 9.4min | [2/15]
  seed=  456 | OOF: 8.5501 | 15.1min | [3/15]
  seed=  789 | OOF: 8.5518 | 15.9min | [4/15]
  seed= 2024 | OOF: 8.5576 | 10.2min | [5/15]
  LGB 평균: 8.5534 ± 0.0028

XGBoost × 멀티시드
  seed=   42 | OOF: 8.5999 | 1.9min | [6/15]
  seed=  123 | OOF: 8.6146 | 1.9min | [7/15]
  seed=  456 | OOF: 8.6145 | 1.9min | [8/15]
  seed=  789 | OOF: 8.6074 | 2.1min | [9/15]
  seed= 2024 | OOF: 8.6031 | 2.2min | [10/15]
  XGB 평균: 8.6079 ± 0.0059

CatBoost × 멀티시드
  seed=   42 | OOF: 8.5886 | 5.3min | [11/15]
  seed=  123 | OOF: 8.6159 | 5.5min | [12/15]
  seed=  456 | OOF: 8.6070 | 6.3min | [13/15]
  seed=  789 | OOF: 8.6138 | 5.0min | [14/15]
  seed= 2024 | OOF: 8.6132 | 5.2min | [15/15]
  CatBoost 평균: 8.6077 ± 0.0100

============================================================
6. 앙상블
============================================================
  LightGBM     시드평균 OOF MAE: 8.5326
  XGBoost      시드평균 OOF MAE: 8.5730
  CatBoost     시드평균 OOF MAE: 8.5570

  전체 단순 평균 (15개) OOF MAE: 8.5261
  역MAE 가중 앙상블 OOF MAE: 8.5261

  최적: inv_mae_w  OOF MAE=8.5261

============================================================
7. 극단값 구간별 MAE 분석
============================================================
  0-10    : n=132585 (53.0%) | MAE=  2.74 | bias=+1.35
  10-30   : n= 65314 (26.1%) | MAE=  7.77 | bias=+2.43
  30-50   : n= 32221 (12.9%) | MAE=  8.05 | bias=-5.83
  50-100  : n= 16094 ( 6.4%) | MAE= 32.01 | bias=-31.90
  100+    : n=  3786 ( 1.5%) | MAE=128.50 | bias=-128.50

============================================================
8. Step 비교
============================================================
  Step32 OOF MAE: 8.5729  (469 피처)
  Step35 OOF MAE: 8.5323  (570 피처, +lead/remaining)
  Step36 OOF MAE: 8.5261  (642 피처, +lead확장/NaN처리)
  Step35→36 변화: -0.0062

  Step35 Public: 10.0533
  Step36 예상 Public: ~10.0461  (갭 1.52 가정)

  총 소요 시간: 103.4분

OOF 저장: /Users/kim/Desktop/데이콘/스마트 창고 출고 지연 예측 AI 경진대회/oof_step36.csv
제출 파일: submission_step36_lead_expanded.csv
OOF MAE: 8.5261

예측값 분포:
count    50000.000
mean        18.117
std         13.393
min          0.000
25%          5.290
50%         13.748
75%         31.259
max         91.246
