💻 CPU 코어: 15개 | 시드 수: 10개
총 학습 횟수: 10 seeds × 5 folds = 50회

============================================================
1. 데이터 로딩 & 피처 엔지니어링 (Step2 동일)
============================================================
피처 수: 197개 (Step2와 동일)

============================================================
2. 시드 앙상블 학습 (10개 시드 × 5 fold)
============================================================
  Seed   42 OOF MAE: 8.7469
  Seed  123 OOF MAE: 8.7430
  Seed  456 OOF MAE: 8.7532
  Seed  789 OOF MAE: 8.7658
  Seed 1024 OOF MAE: 8.7466
  Seed 2024 OOF MAE: 8.7494
  Seed    7 OOF MAE: 8.7420
  Seed  777 OOF MAE: 8.7558
  Seed  314 OOF MAE: 8.7454
  Seed   99 OOF MAE: 8.7454

============================================================
✅ 시드 앙상블 OOF MAE : 8.7068
   개별 시드 OOF 평균  : 8.7494
   개별 시드 OOF 범위  : 8.7420 ~ 8.7658
   Step2 OOF (비교)   : 8.7020
   Step2 Public (비교): 10.1915
============================================================

저장 완료 → submission_step5_seed_ensemble.csv
예측값 분포:
count    50000.000
mean        17.822
std         13.045
min          0.010
25%          5.392
50%         13.495
75%         30.644
max         79.723
