CPU: 15코어 | 시드: 5개 × 3모델 = 15인스턴스

============================================================
1. 데이터 로딩
============================================================
train: (250000, 108) | test: (50000, 107)

============================================================
2. 피처 엔지니어링
============================================================
  [NEW] 시간 순서 피처 추가 중...
  [NEW] Trajectory 피처 추가 중...
  [Pseudo] Step14 예측 로드 중...
  Pseudo-label 로드 완료: 50000행 | 평균=18.21분
  [NEW] Layout 타겟 인코딩 (OOF)...
  layout_te: train OOF 완료 | test cold-start 20000행(40.0%) → layout_type 평균 fallback

Step11 피처 수: 267개  →  Step12 피처 수: 300개 (+33개)
train: (250000, 300) | test: (50000, 300)

============================================================
3. 학습 시작 (LGB lr=0.02 / XGB,Cat lr=0.05)
============================================================

LightGBM × 멀티시드 (pseudo-labeling PSEUDO_WEIGHT=0.3)
  seed=   42 | OOF: 8.5815 | 8.1min | [1/15]
  seed=  123 | OOF: 8.5933 | 7.9min | [2/15]
  seed=  456 | OOF: 8.5917 | 7.0min | [3/15]
  seed=  789 | OOF: 8.6071 | 8.1min | [4/15]
  seed= 2024 | OOF: 8.5821 | 9.5min | [5/15]
  LGB 평균: 8.5911 ± 0.0093

XGBoost × 멀티시드 (pseudo-labeling)
  seed=   42 | OOF: 8.5963 | 1.9min | [6/15]
  seed=  123 | OOF: 8.6005 | 1.3min | [7/15]
  seed=  456 | OOF: 8.6015 | 1.6min | [8/15]
  seed=  789 | OOF: 8.5958 | 1.4min | [9/15]
  seed= 2024 | OOF: 8.6029 | 1.4min | [10/15]
  XGB 평균: 8.5994 ± 0.0029

CatBoost × 멀티시드 (pseudo-labeling)
  seed=   42 | OOF: 8.6127 | 3.3min | [11/15]
  seed=  123 | OOF: 8.6104 | 4.4min | [12/15]
  seed=  456 | OOF: 8.5928 | 4.3min | [13/15]
  seed=  789 | OOF: 8.6048 | 3.8min | [14/15]
  seed= 2024 | OOF: 8.6087 | 4.2min | [15/15]
  CatBoost 평균: 8.6059 ± 0.0070

============================================================
4. 앙상블
============================================================
  LightGBM     시드평균 OOF MAE: 8.5743
  XGBoost      시드평균 OOF MAE: 8.5751
  CatBoost     시드평균 OOF MAE: 8.5725

  전체 단순 평균 (15개) OOF MAE: 8.5532

  역MAE 가중치: LightGBM=0.333 | XGBoost=0.333 | CatBoost=0.333
  역MAE 가중 앙상블 OOF MAE: 8.5532

  최적: inv_mae_w  OOF MAE=8.5532

============================================================
5. Step 비교
============================================================
  Step7  OOF MAE: 8.6852  (197 피처, lr=0.05)
  Step12 OOF MAE: 8.6050  (300 피처, lr=0.05 균일)
  Step13 OOF MAE: 8.6083  (365 피처, lr=0.02 균일)
  Step14 OOF MAE: 8.6037  (300 피처, LGB lr=0.02 / XGB+Cat lr=0.05, 기준)
  Step15 OOF MAE: 8.5532  (Step14 + pseudo-labeling PSEUDO_WEIGHT=0.3)
  Step14→15 변화: -0.0505

  Step14 Public: 10.0733  (현재 최고)
  Step15 Public: 미제출 (OOF 갭 기준 예상 ~10.0222)
  ※ pseudo-labeling은 OOF 갭 자체를 줄이는 효과 → Public 실제 개선폭이 OOF보다 클 수 있음

  총 소요 시간: 68.2분

제출 파일: submission_step15_pseudolabel_ensemble.csv
OOF MAE: 8.5532

예측값 분포:
count    50000.000
mean        18.265
std         13.486
min          0.002
25%          5.319
50%         13.755
75%         31.875
max         88.805
